[2024-07-10 20:19:11] Updated setting mpesa_consumer_key with value 6bxegKBnBDsJZisbZRYYuyezs5dcqpgYyFMSgnvRhGU6031h
[2024-07-10 20:19:11] Updated setting mpesa_consumer_secret with value nRzAnfRy9CBK43eciwLWoc3GsMsZsJ2tWbhsyWhtkMVj94cIkCD3oFSR1Cr86A3M
[2024-07-10 20:19:11] Updated setting mpesa_till_shortcode_code with value 4137989
[2024-07-10 20:19:11] Updated setting mpesa_till_pass_key with value 3a45e88faa037b86fbd0c494676d71c3c23574203b2bf721066f90598bbd8bb8
[2024-07-10 20:19:11] Updated setting mpesa_till_consumer_key with value 6bxegKBnBDsJZisbZRYYuyezs5dcqpgYyFMSgnvRhGU6031h
[2024-07-10 20:19:11] Updated setting mpesa_till_consumer_secret with value nRzAnfRy9CBK43eciwLWoc3GsMsZsJ2tWbhsyWhtkMVj94cIkCD3oFSR1Cr86A3M
[2024-07-10 20:19:11] Updated setting mpesa_pass_key with value 3a45e88faa037b86fbd0c494676d71c3c23574203b2bf721066f90598bbd8bb8
[2024-07-10 20:19:11] Configuration update completed.
[2024-07-10 20:20:33] Updated setting mpesa_consumer_key with value 6bxegKBnBDsJZisbZRYYuyezs5dcqpgYyFMSgnvRhGU6031h
[2024-07-10 20:20:33] Updated setting mpesa_consumer_secret with value nRzAnfRy9CBK43eciwLWoc3GsMsZsJ2tWbhsyWhtkMVj94cIkCD3oFSR1Cr86A3M
[2024-07-10 20:20:33] Updated setting mpesa_till_shortcode_code with value 4137989
[2024-07-10 20:20:34] Updated setting mpesa_till_pass_key with value 3a45e88faa037b86fbd0c494676d71c3c23574203b2bf721066f90598bbd8bb8
[2024-07-10 20:20:34] Updated setting mpesa_till_consumer_key with value 6bxegKBnBDsJZisbZRYYuyezs5dcqpgYyFMSgnvRhGU6031h
[2024-07-10 20:20:34] Updated setting mpesa_till_consumer_secret with value nRzAnfRy9CBK43eciwLWoc3GsMsZsJ2tWbhsyWhtkMVj94cIkCD3oFSR1Cr86A3M
[2024-07-10 20:20:34] Updated setting mpesa_pass_key with value 3a45e88faa037b86fbd0c494676d71c3c23574203b2bf721066f90598bbd8bb8
[2024-07-10 20:20:34] Configuration update completed.
[2024-07-10 20:23:32] No update needed for setting mpesa_consumer_key; value is already 6bxegKBnBDsJZisbZRYYuyezs5dcqpgYyFMSgnvRhGU6031h
[2024-07-10 20:23:32] No update needed for setting mpesa_consumer_secret; value is already nRzAnfRy9CBK43eciwLWoc3GsMsZsJ2tWbhsyWhtkMVj94cIkCD3oFSR1Cr86A3M
[2024-07-10 20:23:32] No update needed for setting mpesa_till_shortcode_code; value is already 4137989
[2024-07-10 20:23:32] No update needed for setting mpesa_till_pass_key; value is already 3a45e88faa037b86fbd0c494676d71c3c23574203b2bf721066f90598bbd8bb8
[2024-07-10 20:23:32] No update needed for setting mpesa_till_consumer_key; value is already 6bxegKBnBDsJZisbZRYYuyezs5dcqpgYyFMSgnvRhGU6031h
[2024-07-10 20:23:32] No update needed for setting mpesa_till_consumer_secret; value is already nRzAnfRy9CBK43eciwLWoc3GsMsZsJ2tWbhsyWhtkMVj94cIkCD3oFSR1Cr86A3M
[2024-07-10 20:23:32] No update needed for setting mpesa_pass_key; value is already 3a45e88faa037b86fbd0c494676d71c3c23574203b2bf721066f90598bbd8bb8
[2024-07-10 20:23:32] Configuration update completed.
[2024-07-10 20:24:13] Updated setting mpesa_consumer_key with value 6bxegKBnBDsJZisbZRYYuyezs5dcqpgYyFMSgnvRhGU6031h
[2024-07-10 20:24:13] Updated setting mpesa_consumer_secret with value nRzAnfRy9CBK43eciwLWoc3GsMsZsJ2tWbhsyWhtkMVj94cIkCD3oFSR1Cr86A3M
[2024-07-10 20:24:13] Updated setting mpesa_till_shortcode_code with value 4137989
[2024-07-10 20:24:13] Updated setting mpesa_till_pass_key with value 3a45e88faa037b86fbd0c494676d71c3c23574203b2bf721066f90598bbd8bb8
[2024-07-10 20:24:13] Updated setting mpesa_till_consumer_key with value 6bxegKBnBDsJZisbZRYYuyezs5dcqpgYyFMSgnvRhGU6031h
[2024-07-10 20:24:13] Updated setting mpesa_till_consumer_secret with value nRzAnfRy9CBK43eciwLWoc3GsMsZsJ2tWbhsyWhtkMVj94cIkCD3oFSR1Cr86A3M
[2024-07-10 20:24:13] Updated setting mpesa_pass_key with value 3a45e88faa037b86fbd0c494676d71c3c23574203b2bf721066f90598bbd8bb8
[2024-07-10 20:24:13] Configuration update completed.
[2024-07-10 20:24:50] No update needed for setting mpesa_consumer_key; value is already 6bxegKBnBDsJZisbZRYYuyezs5dcqpgYyFMSgnvRhGU6031h
[2024-07-10 20:24:50] No update needed for setting mpesa_consumer_secret; value is already nRzAnfRy9CBK43eciwLWoc3GsMsZsJ2tWbhsyWhtkMVj94cIkCD3oFSR1Cr86A3M
[2024-07-10 20:24:50] No update needed for setting mpesa_till_shortcode_code; value is already 4137989
[2024-07-10 20:24:50] No update needed for setting mpesa_till_pass_key; value is already 3a45e88faa037b86fbd0c494676d71c3c23574203b2bf721066f90598bbd8bb8
[2024-07-10 20:24:50] No update needed for setting mpesa_till_consumer_key; value is already 6bxegKBnBDsJZisbZRYYuyezs5dcqpgYyFMSgnvRhGU6031h
[2024-07-10 20:24:50] No update needed for setting mpesa_till_consumer_secret; value is already nRzAnfRy9CBK43eciwLWoc3GsMsZsJ2tWbhsyWhtkMVj94cIkCD3oFSR1Cr86A3M
[2024-07-10 20:24:50] No update needed for setting mpesa_pass_key; value is already 3a45e88faa037b86fbd0c494676d71c3c23574203b2bf721066f90598bbd8bb8
[2024-07-10 20:24:50] Configuration update completed.
[2024-07-10 20:25:18] No update needed for setting mpesa_consumer_key; value is already 6bxegKBnBDsJZisbZRYYuyezs5dcqpgYyFMSgnvRhGU6031h
[2024-07-10 20:25:18] No update needed for setting mpesa_consumer_secret; value is already nRzAnfRy9CBK43eciwLWoc3GsMsZsJ2tWbhsyWhtkMVj94cIkCD3oFSR1Cr86A3M
[2024-07-10 20:25:19] Updated setting mpesa_till_shortcode_code with value 4137989
[2024-07-10 20:25:19] No update needed for setting mpesa_till_pass_key; value is already 3a45e88faa037b86fbd0c494676d71c3c23574203b2bf721066f90598bbd8bb8
[2024-07-10 20:25:19] No update needed for setting mpesa_till_consumer_key; value is already 6bxegKBnBDsJZisbZRYYuyezs5dcqpgYyFMSgnvRhGU6031h
[2024-07-10 20:25:19] No update needed for setting mpesa_till_consumer_secret; value is already nRzAnfRy9CBK43eciwLWoc3GsMsZsJ2tWbhsyWhtkMVj94cIkCD3oFSR1Cr86A3M
[2024-07-10 20:25:19] No update needed for setting mpesa_pass_key; value is already 3a45e88faa037b86fbd0c494676d71c3c23574203b2bf721066f90598bbd8bb8
[2024-07-10 20:25:19] Configuration update completed.
[2024-07-10 20:25:49] Updated setting mpesa_consumer_key with value 6bxegKBnBDsJZisbZRYYuyezs5dcqpgYyFMSgnvRhGU6031h
[2024-07-10 20:25:49] No update needed for setting mpesa_consumer_secret; value is already nRzAnfRy9CBK43eciwLWoc3GsMsZsJ2tWbhsyWhtkMVj94cIkCD3oFSR1Cr86A3M
[2024-07-10 20:25:49] No update needed for setting mpesa_till_shortcode_code; value is already 4137989
[2024-07-10 20:25:49] No update needed for setting mpesa_till_pass_key; value is already 3a45e88faa037b86fbd0c494676d71c3c23574203b2bf721066f90598bbd8bb8
[2024-07-10 20:25:49] Updated setting mpesa_till_consumer_key with value 6bxegKBnBDsJZisbZRYYuyezs5dcqpgYyFMSgnvRhGU6031h
[2024-07-10 20:25:49] No update needed for setting mpesa_till_consumer_secret; value is already nRzAnfRy9CBK43eciwLWoc3GsMsZsJ2tWbhsyWhtkMVj94cIkCD3oFSR1Cr86A3M
[2024-07-10 20:25:49] No update needed for setting mpesa_pass_key; value is already 3a45e88faa037b86fbd0c494676d71c3c23574203b2bf721066f90598bbd8bb8
[2024-07-10 20:25:49] Configuration update completed.
